// Jest Snapshot v1, https://goo.gl/fbAQLP

exports[`renders correctly 1`] = `
<View
  accessibilityComponentType={undefined}
  accessibilityLabel={undefined}
  accessibilityTraits={undefined}
  accessible={true}
  collapsable={undefined}
  hasTVPreferredFocus={undefined}
  hitSlop={undefined}
  isTVSelectable={true}
  nativeID={undefined}
  onLayout={undefined}
  onResponderGrant={[Function]}
  onResponderMove={[Function]}
  onResponderRelease={[Function]}
  onResponderTerminate={[Function]}
  onResponderTerminationRequest={[Function]}
  onStartShouldSetResponder={[Function]}
  style={
    Object {
      "backgroundColor": "white",
      "borderRadius": 10,
      "borderWidth": 1,
      "height": 46,
      "marginVertical": 2,
      "opacity": 1,
      "paddingHorizontal": 15,
    }
  }
  testID={undefined}
  tvParallaxProperties={undefined}
/>
`;

exports[`renders correctly 2`] = `
<ActivityIndicator
  animating={true}
  color="yellow"
  hidesWhenStopped={true}
  size="large"
  style={
    Object {
      "alignItems": "center",
      "justifyContent": "center",
    }
  }
/>
`;
